<html>
<body>
<pre>
<h1>µVision Build Log</h1>
<h2>Project:</h2>
D:\program\GitHub\Linear-Control\STM32Code\USER\Minibalance.uvproj
Project File Date:  05/12/2019

<h2>Output:</h2>
Rebuild target 'Target 1'
assembling startup_stm32f10x_md.s...
compiling Minibalance.c...
compiling delay.c...
compiling sys.c...
compiling usart.c...
compiling LED.C...
compiling key.c...
compiling oled.c...
compiling adc.c...
compiling timer.c...
compiling motor.c...
compiling encoder.c...
compiling usart3.c...
compiling pstwo.c...
compiling exti.c...
..\HARDWARE\EXTI\exti.c(30): warning:  #940-D: missing return statement at end of non-void function "EXTI9_5_IRQHandler"
compiling stmflash.c...
compiling control.c...
compiling show.c...
compiling DataScope_DP.C...
linking...
Program Size: Code=22034 RO-data=3078 RW-data=284 ZI-data=4084  
FromELF: creating hex file...
"..\OBJ\Minibalance.axf" - 0 Errors, 1 Warning(s).
Rebuild target 'Target 1'
assembling startup_stm32f10x_md.s...
compiling Minibalance.c...
compiling delay.c...
compiling sys.c...
compiling usart.c...
compiling LED.C...
compiling key.c...
compiling oled.c...
compiling adc.c...
compiling timer.c...
compiling motor.c...
compiling encoder.c...
compiling usart3.c...
compiling pstwo.c...
compiling exti.c...
..\HARDWARE\EXTI\exti.c(30): warning:  #940-D: missing return statement at end of non-void function "EXTI9_5_IRQHandler"
compiling stmflash.c...
compiling control.c...
compiling show.c...
compiling DataScope_DP.C...
linking...
Program Size: Code=21982 RO-data=3074 RW-data=284 ZI-data=4084  
FromELF: creating hex file...
"..\OBJ\Minibalance.axf" - 0 Errors, 1 Warning(s).
